// Jest Snapshot v1, https://goo.gl/fbAQLP

exports[`should render ExpenseListItem correctly 1`] = `
<div>
  <Link
    to="/edit/1"
  >
    <h3>
      Expense: 
      Gum
    </h3>
  </Link>
  <p>
    Cost: 
    195
  </p>
  <p>
    Created At: 
    0
  </p>
</div>
`;
